<testsuites id="" name="" tests="12" failures="0" skipped="0" errors="0" time="6.890448">
<testsuite name="auth.spec.ts" timestamp="2025-10-10T06:23:31.012Z" hostname="chromium" tests="12" failures="0" skipped="0" time="25.843" errors="0">
<testcase name="Login Page Tests › should display login page elements" classname="auth.spec.ts" time="1.895">
</testcase>
<testcase name="Login Page Tests › should fill demo credentials when button is clicked" classname="auth.spec.ts" time="2.697">
</testcase>
<testcase name="Login Page Tests › should show/hide password when toggle button is clicked" classname="auth.spec.ts" time="2.428">
</testcase>
<testcase name="Login Page Tests › should navigate to signup page" classname="auth.spec.ts" time="2.676">
</testcase>
<testcase name="Login Page Tests › should have working form inputs" classname="auth.spec.ts" time="2.656">
</testcase>
<testcase name="Login Page Tests › should have remember me checkbox" classname="auth.spec.ts" time="2.412">
</testcase>
<testcase name="Sign Up Page Tests › should display signup form elements" classname="auth.spec.ts" time="2.462">
</testcase>
<testcase name="Sign Up Page Tests › should show password requirements" classname="auth.spec.ts" time="2.505">
</testcase>
<testcase name="Sign Up Page Tests › should have working form inputs" classname="auth.spec.ts" time="1.722">
</testcase>
<testcase name="Sign Up Page Tests › should have working password toggle buttons" classname="auth.spec.ts" time="1.671">
</testcase>
<testcase name="Sign Up Page Tests › should have working terms checkbox" classname="auth.spec.ts" time="1.55">
</testcase>
<testcase name="Sign Up Page Tests › should navigate to login page" classname="auth.spec.ts" time="1.169">
</testcase>
</testsuite>
</testsuites>